// Jest Snapshot v1, https://goo.gl/fbAQLP

exports[`<Search /> Rendering should render the component in the search mode 1`] = `
<Connect(SearchChild)
  onSearch={[MockFunction]}
  searchMode={true}
/>
`;

exports[`<Search /> Rendering should render the component with default props 1`] = `
<Connect(SearchChild)
  onSearch={[MockFunction]}
  searchMode={true}
/>
`;
