// Jest Snapshot v1, https://goo.gl/fbAQLP

exports[`<App /> Rendering should render the App 1`] = `
<ErrorBoundary>
  <Body
    filmInfo={Object {}}
    filmMode={false}
    filmModeGenre=" "
    searchInFilmModeByGenre={[Function]}
    searchMode={true}
    searchPhrase=""
    searchResult={Array []}
    setFilmMode={[Function]}
    setSearchModeCallback={[Function]}
    startSearch={[Function]}
  />
</ErrorBoundary>
`;
