// Jest Snapshot v1, https://goo.gl/fbAQLP

exports[`<YearMinutes /> Rendering should render the component 1`] = `
<div
  className="year-min"
>
  <Label
    content="2011"
    labelBold={true}
    labelUC={false}
    labelWhite={true}
  />
  <Label
    content="111 min"
    labelBold={true}
    labelUC={false}
    labelWhite={true}
  />
</div>
`;
